16:31:46.710 [main] INFO  testCases.TC001_AccountRegistrationTest - Providing Customer Details
16:31:49.036 [main] INFO  testCases.TC001_AccountRegistrationTest - Validating Expected Message...
16:31:49.083 [main] INFO  testCases.TC001_AccountRegistrationTest - ***** Finished TC001_AccountRegistrationTest *****
16:38:06.107 [main] INFO  testCases.TC001_AccountRegistrationTest - ***** Starting TC001_AccountRegistrationTest *****
16:38:06.346 [main] INFO  testCases.TC001_AccountRegistrationTest - Clicked on MyAccount link
16:38:07.050 [main] INFO  testCases.TC001_AccountRegistrationTest - Clicked on Register link
16:38:07.092 [main] INFO  testCases.TC001_AccountRegistrationTest - Providing Customer Details
16:38:09.309 [main] INFO  testCases.TC001_AccountRegistrationTest - Validating Expected Message...
16:38:09.367 [main] INFO  testCases.TC001_AccountRegistrationTest - ***** Finished TC001_AccountRegistrationTest *****
16:40:48.054 [main] INFO  testCases.TC001_AccountRegistrationTest - ***** Starting TC001_AccountRegistrationTest *****
16:40:48.257 [main] INFO  testCases.TC001_AccountRegistrationTest - Clicked on MyAccount link
16:40:48.918 [main] INFO  testCases.TC001_AccountRegistrationTest - Clicked on Register link
16:40:48.925 [main] INFO  testCases.TC001_AccountRegistrationTest - Providing Customer Details
16:40:51.193 [main] INFO  testCases.TC001_AccountRegistrationTest - Validating Expected Message...
16:40:51.242 [main] INFO  testCases.TC001_AccountRegistrationTest - ***** Finished TC001_AccountRegistrationTest *****
16:51:42.959 [main] INFO  testCases.TC001_AccountRegistrationTest - ***** Starting TC001_AccountRegistrationTest *****
16:51:43.176 [main] INFO  testCases.TC001_AccountRegistrationTest - Clicked on MyAccount link
16:51:43.812 [main] INFO  testCases.TC001_AccountRegistrationTest - Clicked on Register link
16:51:43.816 [main] INFO  testCases.TC001_AccountRegistrationTest - Providing Customer Details
16:51:45.974 [main] INFO  testCases.TC001_AccountRegistrationTest - Validating Expected Message...
16:51:46.129 [main] INFO  testCases.TC001_AccountRegistrationTest - ***** Finished TC001_AccountRegistrationTest *****
16:52:13.138 [main] INFO  testCases.TC001_AccountRegistrationTest - ***** Starting TC001_AccountRegistrationTest *****
16:52:13.302 [main] INFO  testCases.TC001_AccountRegistrationTest - Clicked on MyAccount link
16:52:13.741 [main] INFO  testCases.TC001_AccountRegistrationTest - Clicked on Register link
16:52:13.744 [main] INFO  testCases.TC001_AccountRegistrationTest - Providing Customer Details
16:52:15.718 [main] INFO  testCases.TC001_AccountRegistrationTest - Validating Expected Message...
16:52:15.766 [main] INFO  testCases.TC001_AccountRegistrationTest - ***** Finished TC001_AccountRegistrationTest *****
16:57:34.579 [main] INFO  testCases.TC001_AccountRegistrationTest - ***** Starting TC001_AccountRegistrationTest *****
16:57:34.718 [main] INFO  testCases.TC001_AccountRegistrationTest - Clicked on MyAccount link
16:57:35.192 [main] INFO  testCases.TC001_AccountRegistrationTest - Clicked on Register link
16:57:35.196 [main] INFO  testCases.TC001_AccountRegistrationTest - Providing Customer Details
16:57:37.093 [main] INFO  testCases.TC001_AccountRegistrationTest - Validating Expected Message...
16:57:37.143 [main] INFO  testCases.TC001_AccountRegistrationTest - ***** Finished TC001_AccountRegistrationTest *****
16:59:42.731 [main] INFO  testCases.TC001_AccountRegistrationTest - ***** Starting TC001_AccountRegistrationTest *****
16:59:42.877 [main] INFO  testCases.TC001_AccountRegistrationTest - Clicked on MyAccount link
16:59:43.388 [main] INFO  testCases.TC001_AccountRegistrationTest - Clicked on Register link
16:59:43.391 [main] INFO  testCases.TC001_AccountRegistrationTest - Providing Customer Details
16:59:45.585 [main] INFO  testCases.TC001_AccountRegistrationTest - Validating Expected Message...
16:59:45.622 [main] INFO  testCases.TC001_AccountRegistrationTest - ***** Finished TC001_AccountRegistrationTest *****
23:08:20.195 [main] INFO  testCases.TC001_AccountRegistrationTest - ***** Starting TC001_AccountRegistrationTest *****
23:08:20.411 [main] INFO  testCases.TC001_AccountRegistrationTest - Clicked on MyAccount link
23:08:20.975 [main] INFO  testCases.TC001_AccountRegistrationTest - Clicked on Register link
23:08:20.987 [main] INFO  testCases.TC001_AccountRegistrationTest - Providing Customer Details
23:08:23.285 [main] INFO  testCases.TC001_AccountRegistrationTest - Validating Expected Message...
23:08:23.338 [main] INFO  testCases.TC001_AccountRegistrationTest - ***** Finished TC001_AccountRegistrationTest *****
23:08:27.438 [main] INFO  testCases.TC001_AccountRegistrationTest - ***** Starting TC001_AccountRegistrationTest *****
23:08:27.642 [main] INFO  testCases.TC001_AccountRegistrationTest - Clicked on MyAccount link
23:08:28.027 [main] INFO  testCases.TC001_AccountRegistrationTest - Clicked on Register link
23:08:28.028 [main] INFO  testCases.TC001_AccountRegistrationTest - Providing Customer Details
